[2026-10-01T08:06:21Z] === ENRICH ITERATION 2 START | repo=block/client-for-vantage sha=b49c0d13 ===
[2026-10-01T08:06:21Z] [iter=2] PHASE START: enrich repo=block/client-for-vantage sha=b49c0d13 runlog=/home/runner/work/forx/forx/storage/aggregate/lsp/logs/b49c0d13-enrich-iter-002.log output=/home/runner/work/forx/forx/storage/aggregate/lsp/b49c0d130528b669bbf7e11e37b126b2a2e1017a.nq.gz
[2026-10-01T08:06:27Z] [iter=2] Step 1: Loading AST into disk-backed store mem_mb=79 MB
[2026-10-01T08:06:31Z] [iter=2] AST store loaded triples=542438 load_secs=4 mem_mb=865 MB
[2026-10-01T08:06:31Z] [iter=2] Step 2: Finding LSP targets mem_mb=865 MB
[2026-10-01T08:06:32Z] [iter=2] LSP targets found call_sites=2093 imports=833 extends=465 implements=0 secs=1
[2026-10-01T08:06:34Z] [iter=2] Step 2.7: Building position index (one-shot, shared across resolvers) mem_mb=865 MB
[2026-10-01T08:06:37Z] [iter=2] Position index built positions=34513 nodes_with_types=48027 secs=3 mem_mb=865 MB
[2026-10-01T08:06:37Z] [iter=2] Step 3: Starting LSP resolution mem_mb=865 MB already_completed_types=[] already_completed_files=0
[2026-10-01T08:06:37Z] [iter=2] Resolving target type target_type=call_site count=2093
[2026-10-01T08:07:04Z] [iter=2] HEARTBEAT target_type=call_site elapsed_min=0.7 files_done=2 resolved=40 errors=96 current=tests/conftest.py
[2026-10-01T08:07:41Z] [iter=2] HEARTBEAT target_type=call_site elapsed_min=1.3 files_done=332 resolved=1609 errors=152 current=.githooks/commit-msg
[2026-10-01T08:07:42Z] [iter=2] Target type resolved target_type=call_site resolved=1609 errors=152 secs=65 mem_mb=865 MB
[2026-10-01T08:07:42Z] [iter=2] Resolving target type target_type=import_statement count=833
[2026-10-01T08:07:47Z] [iter=2] Target type resolved target_type=import_statement resolved=830 errors=0 secs=5 mem_mb=865 MB
[2026-10-01T08:07:47Z] [iter=2] Resolving target type target_type=extends_clause count=465
[2026-10-01T08:07:52Z] [iter=2] Target type resolved target_type=extends_clause resolved=465 errors=0 secs=6 mem_mb=865 MB
[2026-10-01T08:08:07Z] [iter=2] Step 5: Writing final enrichment file triples=58568
[2026-10-01T08:08:08Z] [iter=2] Enrichment file written path=/home/runner/work/forx/forx/storage/aggregate/lsp/b49c0d130528b669bbf7e11e37b126b2a2e1017a.nq.gz size_kb=1268
[2026-10-01T08:08:08Z] [iter=2] PHASE END: enrich elapsed_s=107 elapsed_min=1.8 total_triples=58568
